[grade] frontend: 'npm install --no-audit --no-fund && npm run build' -> 0
[grade] backend: 'npm install --no-audit --no-fund' -> 0
  PASS  REQ-1.1: Enter Website
  PASS  REQ-2.1: Note Listing
  PASS  REQ-2.2: Create Note
  PASS  REQ-2.3.1: Delete
  FAIL  REQ-2.3.2: Notification and Undo
  FAIL  REQ-2.3.3: Trash list
  FAIL  REQ-2.4: Update Note
  FAIL  REQ-2.5.1: Archive
  FAIL  REQ-2.5.2: Archive Undo
  FAIL  REQ-2.5.3: Show archived notes
  FAIL  REQ-2.5.4: Unarchive
  FAIL  REQ-2.6.1: Change note color
  FAIL  REQ-2.6.2: Choose note color when created
  FAIL  REQ-2.7.1: Assign label to a note
  FAIL  REQ-2.7.2: Remove label from a note
  FAIL  REQ-2.7.3: Default label
  FAIL  REQ-2.7.4: Assign default label when creating note
  FAIL  REQ-2.7.5: Edit labels
  FAIL  REQ-2.7.6.1: View list filtered by label
  FAIL  REQ-2.7.6.2: View all notes
  FAIL  REQ-2.7.6.3: View Reminders
  FAIL  REQ-2.8.1: Pin note
  FAIL  REQ-2.8.2: Unpin note
  PASS  REQ-2.8.3: Pin note when creating it
  FAIL  REQ-3.1: Initial suggested filters
  FAIL  REQ-3.2: Search by keyword
  FAIL  REQ-4.1: Setting options list
  FAIL  REQ-4.2: Detailed settings
  FAIL  REQ-5.1: Toggle between list and grid views
  FAIL  REQ-5.2: Grid View by default
  FAIL  REQ-6.1: Items and styling
  FAIL  REQ-6.2: Collapsible Sidebar
[grade] arc-bench-web--keep: 5/32 passed in 378s  score=16
: Archive 
    run/arc-bench-web--keep-h01-m7-preflight-effective-long-r0-a-o4/tests/REQ-2.5.2.spec.ts:7:5 › REQ-2.5.2: Archive Undo 
    run/arc-bench-web--keep-h01-m7-preflight-effective-long-r0-a-o4/tests/REQ-2.5.3.spec.ts:7:5 › REQ-2.5.3: Show archived notes 
    run/arc-bench-web--keep-h01-m7-preflight-effective-long-r0-a-o4/tests/REQ-2.5.4.spec.ts:7:5 › REQ-2.5.4: Unarchive 
    run/arc-bench-web--keep-h01-m7-preflight-effective-long-r0-a-o4/tests/REQ-2.6.1.spec.ts:7:5 › REQ-2.6.1: Change note color 
    run/arc-bench-web--keep-h01-m7-preflight-effective-long-r0-a-o4/tests/REQ-2.6.2.spec.ts:7:5 › REQ-2.6.2: Choose note color when created 
    run/arc-bench-web--keep-h01-m7-preflight-effective-long-r0-a-o4/tests/REQ-2.7.1.spec.ts:7:5 › REQ-2.7.1: Assign label to a note 
    run/arc-bench-web--keep-h01-m7-preflight-effective-long-r0-a-o4/tests/REQ-2.7.2.spec.ts:7:5 › REQ-2.7.2: Remove label from a note 
    run/arc-bench-web--keep-h01-m7-preflight-effective-long-r0-a-o4/tests/REQ-2.7.3.spec.ts:7:5 › REQ-2.7.3: Default label 
    run/arc-bench-web--keep-h01-m7-preflight-effective-long-r0-a-o4/tests/REQ-2.7.4.spec.ts:7:5 › REQ-2.7.4: Assign default label when creating note 
    run/arc-bench-web--keep-h01-m7-preflight-effective-long-r0-a-o4/tests/REQ-2.7.5.spec.ts:7:5 › REQ-2.7.5: Edit labels 
    run/arc-bench-web--keep-h01-m7-preflight-effective-long-r0-a-o4/tests/REQ-2.7.6.1.spec.ts:7:5 › REQ-2.7.6.1: View list filtered by label 
    run/arc-bench-web--keep-h01-m7-preflight-effective-long-r0-a-o4/tests/REQ-2.7.6.2.spec.ts:7:5 › REQ-2.7.6.2: View all notes 
    run/arc-bench-web--keep-h01-m7-preflight-effective-long-r0-a-o4/tests/REQ-2.7.6.3.spec.ts:7:5 › REQ-2.7.6.3: View Reminders 
    run/arc-bench-web--keep-h01-m7-preflight-effective-long-r0-a-o4/tests/REQ-2.8.1.spec.ts:7:5 › REQ-2.8.1: Pin note 
    run/arc-bench-web--keep-h01-m7-preflight-effective-long-r0-a-o4/tests/REQ-2.8.2.spec.ts:7:5 › REQ-2.8.2: Unpin note 
    run/arc-bench-web--keep-h01-m7-preflight-effective-long-r0-a-o4/tests/REQ-3.1.spec.ts:7:5 › REQ-3.1: Initial suggested filters 
    run/arc-bench-web--keep-h01-m7-preflight-effective-long-r0-a-o4/tests/REQ-3.2.spec.ts:7:5 › REQ-3.2: Search by keyword 
    run/arc-bench-web--keep-h01-m7-preflight-effective-long-r0-a-o4/tests/REQ-4.1.spec.ts:7:5 › REQ-4.1: Setting options list 
    run/arc-bench-web--keep-h01-m7-preflight-effective-long-r0-a-o4/tests/REQ-4.2.spec.ts:7:5 › REQ-4.2: Detailed settings 
    run/arc-bench-web--keep-h01-m7-preflight-effective-long-r0-a-o4/tests/REQ-5.1.spec.ts:7:5 › REQ-5.1: Toggle between list and grid views 
    run/arc-bench-web--keep-h01-m7-preflight-effective-long-r0-a-o4/tests/REQ-5.2.spec.ts:7:5 › REQ-5.2: Grid View by default 
    run/arc-bench-web--keep-h01-m7-preflight-effective-long-r0-a-o4/tests/REQ-6.1.spec.ts:7:5 › REQ-6.1: Items and styling 
    run/arc-bench-web--keep-h01-m7-preflight-effective-long-r0-a-o4/tests/REQ-6.2.spec.ts:7:5 › REQ-6.2: Collapsible Sidebar 
  5 passed (6.3m)

