    Finished `test` profile [unoptimized + debuginfo] target(s) in 0.61s
     Running unittests src/lib.rs (target/debug/deps/octos_agent-599f6ec26aa56843)
tools::shell::build_cache_sandbox_handoff_tests::build_cache_context_kernel_allows_own_slot_and_denies_sibling_then_revoked_slot: test
tools::shell::build_cache_sandbox_handoff_tests::build_cache_context_reaches_background_sandbox_without_stale_grants: test
tools::shell::build_cache_sandbox_handoff_tests::build_cache_context_reaches_foreground_sandbox_without_stale_grants: test
tools::shell::build_cache_usage_tests::background_child_retains_build_cache_claim: test
tools::shell::build_cache_usage_tests::cancelled_foreground_retains_build_cache_claim_until_child_exit: test
tools::shell::build_cache_usage_tests::foreground_child_retains_build_cache_claim: test
tools::shell::change_receipt_tests::gitignored_paths_are_excluded: test
tools::shell::change_receipt_tests::listing_caps_at_twenty_with_total: test
tools::shell::change_receipt_tests::non_git_dir_omits_receipt: test
tools::shell::change_receipt_tests::phantom_edit_reports_zero: test
tools::shell::change_receipt_tests::real_edit_lists_the_file: test
tools::shell::tests::applies_git_protection_to_wrapped_git_invocation: test
tools::shell::tests::approval_policy_never_fails_directly_without_prompt: test
tools::shell::tests::background_command_failure_flips_task_failed: test
tools::shell::tests::background_command_reads_supervisor_from_tool_context: test
tools::shell::tests::background_command_registers_and_flips_terminal_with_supervisor: test
tools::shell::tests::background_command_without_supervisor_runs_without_panic: test
tools::shell::tests::background_disabled_refuses_explicit_and_trailing_ampersand: test
tools::shell::tests::background_label_is_short_and_prefixed: test
tools::shell::tests::background_shell_refuses_when_sandbox_unavailable: test
tools::shell::tests::bash_file_writes_allow_is_zero_difference: test
tools::shell::tests::bash_file_writes_default_is_allow_and_serializes_round_trip: test
tools::shell::tests::bash_file_writes_deny_lets_readonly_command_run: test
tools::shell::tests::bash_file_writes_deny_refuses_write_command: test
tools::shell::tests::bash_file_writes_escape_hatch_allows_explicit_write: test
tools::shell::tests::bash_file_writes_escape_hatch_runs_under_deny: test
tools::shell::tests::bash_file_writes_heuristic_matches_write_shapes_only: test
tools::shell::tests::bash_file_writes_warn_nudges_only_when_files_changed: test
tools::shell::tests::child_shell_api_key_not_visible: test
tools::shell::tests::detects_background_via_trailing_ampersand: test
tools::shell::tests::detects_git_invocation_in_compound_shell_command: test
tools::shell::tests::explicit_background_arg_registers_task: test
tools::shell::tests::max_timeout_secs_caps_a_larger_requested_timeout: test
tools::shell::tests::non_quarto_command_does_not_redirect_home: test
tools::shell::tests::quarto_command_redirects_home_into_workspace: test
tools::shell::tests::quarto_command_with_inline_env_prefix_redirects_home: test
tools::shell::tests::shell_does_not_expose_configured_api_key_to_env_or_echo: test
tools::shell::tests::shell_falls_back_to_self_cwd_when_no_scope: test
tools::shell::tests::shell_refuses_with_typed_message_when_sandbox_unavailable: test
tools::shell::tests::shell_respects_hinted_workspace_over_session_scope_default: test
tools::shell::tests::shell_safe_policy_still_denies_with_scope_present: test
tools::shell::tests::shell_tool_is_exclusive: test
tools::shell::tests::shell_uses_scope_workspace_when_present: test
tools::shell::tests::sovereignty_allows_owner_goal_its_own_checkout: test
tools::shell::tests::sovereignty_allows_same_branch_noop_checkout: test
tools::shell::tests::sovereignty_fail_open_without_owner_or_branch: test
tools::shell::tests::sovereignty_ignores_read_only_and_pathspec_restore: test
tools::shell::tests::sovereignty_only_guards_the_main_tree_root: test
tools::shell::tests::sovereignty_refuses_cross_branch_checkout_from_other_goal: test
tools::shell::tests::sovereignty_switch_command_also_guarded: test
tools::shell::tests::strips_trailing_ampersand_for_own_child: test
tools::shell::tests::test_ask_command_denied_without_approval: test
tools::shell::tests::test_denied_command: test
tools::shell::tests::test_shell_sets_frontend_build_env: test
tools::shell::tests::test_timeout_clamped_to_max: test
tools::shell::tests::test_timeout_zero_clamped_to_min: test

56 tests, 0 benchmarks
