    Finished `test` profile [unoptimized + debuginfo] target(s) in 0.54s
     Running unittests src/lib.rs (target/debug/deps/octos_agent-599f6ec26aa56843)
tools::spawn::tests::agent_mcp_dispatch_payload_sends_effective_allow_list_not_the_raw_one: test
tools::spawn::tests::allocate_worker_worktree_gives_actionable_error_outside_a_git_repo: test
tools::spawn::tests::apply_agent_definition_preserves_inline_max_iterations: test
tools::spawn::tests::background_child_transcript_streams_to_router_and_final_output_is_recorded: test
tools::spawn::tests::background_deliverable_auto_materializes_inline_final_output: test
tools::spawn::tests::background_deliverable_surfaces_shell_written_file_in_output_files: test
tools::spawn::tests::background_deliverable_uses_configured_root_without_touching_workspace_state: test
tools::spawn::tests::background_without_deliverable_does_not_surface_shell_write: test
tools::spawn::tests::build_spawn_recovery_prompt_handles_empty_task_desc: test
tools::spawn::tests::build_spawn_recovery_prompt_includes_task_and_error_text: test
tools::spawn::tests::child_session_failure_action_matches_terminal_kind: test
tools::spawn::tests::child_session_lifecycle_dispatch_defaults_to_not_joined_without_sender: test
tools::spawn::tests::child_spawn_clone_is_named_spawn_and_binds_spawn_agent_via_registry_swap: test
tools::spawn::tests::child_spawn_clone_preserves_stream_callback: test
tools::spawn::tests::child_stream_callback_gets_start_offsets_and_router_file_has_no_duplicates: test
tools::spawn::tests::child_without_a_session_owner_gets_no_receipt_store: test
tools::spawn::tests::child_workers_share_ledger_but_mint_independent_receipts: test
tools::spawn::tests::classify_child_session_failure_as_retryable_when_budget_exhausted: test
tools::spawn::tests::contract_owned_workflow_denies_send_file_in_subagent_policy: test
tools::spawn::tests::contract_terminal_output_fails_when_site_entrypoint_is_missing: test
tools::spawn::tests::contract_terminal_output_prefers_declared_slides_deck_name_over_newer_draft: test
tools::spawn::tests::default_subagent_policy_allows_spawn_agent_and_delegate_but_denies_direct_spawn: test
tools::spawn::tests::deliverable_artifact_glob_normalizes_empty_and_absent: test
tools::spawn::tests::deliverable_contract_only_surfaces_the_declared_glob: test
tools::spawn::tests::deliverable_contract_surfaces_a_shell_written_file_no_tool_reported_it: test
tools::spawn::tests::derive_deliverable_filename_matches_the_declared_glob: test
tools::spawn::tests::effective_allowed_tools_prunes_a_group_entry_denied_verbatim: test
tools::spawn::tests::effective_allowed_tools_prunes_manifest_disallowed_from_the_list: test
tools::spawn::tests::effective_allowed_tools_prunes_with_policy_semantics_not_exact_match: test
tools::spawn::tests::frame_subagent_task_leads_with_identity_and_directive: test
tools::spawn::tests::input_parses_max_iterations_and_defaults_to_none: test
tools::spawn::tests::is_inside_git_work_tree_detects_repo_vs_plain_dir: test
tools::spawn::tests::manifest_disallowed_tools_are_denied_by_policy_not_pruned_from_allow_list: test
tools::spawn::tests::manifest_forbidding_its_only_tool_grants_no_tools_not_allow_all: test
tools::spawn::tests::nested_spawn_agent_resolves_a_real_agent_id_through_the_bound_delegate: test
tools::spawn::tests::preflight_does_not_reject_a_disallowed_but_unavailable_tool: test
tools::spawn::tests::preflight_skips_group_and_wildcard_tokens: test
tools::spawn::tests::preflight_soft_drops_suggested_missing_tools_but_hard_fails_caller_named: test
tools::spawn::tests::read_only_spawn_refuses_deliverable_without_external_root: test
tools::spawn::tests::read_only_spawn_refuses_worktree_isolation_without_creating_workspace_state: test
tools::spawn::tests::resolve_spawn_max_iterations_defaults_and_bounds: test
tools::spawn::tests::reviewer_role_spawn_does_not_fail_on_unwired_role_tools: test
tools::spawn::tests::role_refill_cannot_reintroduce_a_manifest_disallowed_tool: test
tools::spawn::tests::role_task_warning_fires_for_readonly_role_with_clone_and_write_task: test
tools::spawn::tests::role_task_warning_silent_for_unconstrained_and_for_pure_read_task: test
tools::spawn::tests::role_task_warning_silent_when_tools_are_sufficient: test
tools::spawn::tests::role_template_selection_applies_prompt_and_tool_budget: test
tools::spawn::tests::role_template_selection_rejects_unknown_role: test
tools::spawn::tests::run_task_with_m8_9_recovery_bubbles_up_when_recovery_also_fails: test
tools::spawn::tests::run_task_with_m8_9_recovery_retries_once_after_initial_failure: test
tools::spawn::tests::should_bind_native_spawn_in_child_registry_for_nested_delegation: test
tools::spawn::tests::should_default_to_no_embedder_when_not_provided: test
tools::spawn::tests::should_error_when_agent_definition_id_unknown: test
tools::spawn::tests::should_let_inline_fields_override_manifest: test
tools::spawn::tests::should_not_mutate_input_when_agent_definition_id_missing: test
tools::spawn::tests::should_resolve_manifest_in_spawn_tool: test
tools::spawn::tests::should_store_embedder_when_builder_provides_one: test
tools::spawn::tests::spawn_allows_depth_below_cap: test
tools::spawn::tests::spawn_falls_back_to_legacy_cwd_when_no_scope: test
tools::spawn::tests::spawn_none_sandbox_registry_is_noop: test
tools::spawn::tests::spawn_propagates_scope_to_sub_agent: test
tools::spawn::tests::spawn_refuses_at_depth_4: test
tools::spawn::tests::spawn_schema_warns_narrowed_allowed_tools_needs_write_file_or_deliverable: test
tools::spawn::tests::spawn_spec_exposes_max_iterations: test
tools::spawn::tests::spawn_sub_agent_inherits_workspace_cwd: test
tools::spawn::tests::spawn_threads_configured_sandbox_into_validator_registry: test
tools::spawn::tests::spawn_tool_default_has_no_parent_caches: test
tools::spawn::tests::spawn_tool_propagates_parent_caches_via_builders: test
tools::spawn::tests::subagent_tool_preflight_passes_when_allowed_tool_present: test
tools::spawn::tests::subagent_tool_preflight_reports_missing_allowed_tool: test
tools::spawn::tests::sync_spawn_admits_a_disallowed_but_unavailable_tool_via_effective_preflight: test
tools::spawn::tests::test_background_spawn_emits_child_session_lifecycle_events: test
tools::spawn::tests::test_background_spawn_emits_failure_hook_for_contract_failure: test
tools::spawn::tests::test_background_spawn_emits_verify_and_complete_hooks: test
tools::spawn::tests::test_background_spawn_fails_when_contract_owned_workflow_is_not_ready: test
tools::spawn::tests::test_background_spawn_persists_workflow_phase_transitions: test
tools::spawn::tests::test_background_spawn_refused_at_fanout_cap_does_not_spawn: test
tools::spawn::tests::test_background_spawn_tracks_supervisor_lifecycle: test
tools::spawn::tests::test_background_spawn_uses_contract_selected_slides_artifact_for_persistence: test
tools::spawn::tests::test_before_spawn_verify_hook_can_replace_output_files: test
tools::spawn::tests::test_direct_background_result_short_circuits_legacy_fallback: test
tools::spawn::tests::test_spawn_returns_immediately: test
tools::spawn::tests::test_sync_spawn_registers_child_tool_factory_before_preflight: test
tools::spawn::tests::worker_worktree_slug_validation_rejects_traversal: test
tools::spawn::tests::workflow_phase_progress_is_coarse_but_non_null_and_monotonic: test
tools::spawn::tests::workflow_terminal_output_accepts_audio_from_modified_files_when_explicit_send_missing: test
tools::spawn::tests::workflow_terminal_output_prefers_final_audio_and_skips_intermediates: test
tools::spawn::tests::workflow_terminal_output_prefers_final_presentation_and_skips_scratch_files: test
tools::spawn::tests::workflow_terminal_output_prefers_site_entrypoint_and_skips_assets: test
tools::spawn::tests::workflow_terminal_output_requires_required_audio_artifact: test
tools::spawn::tests::worktree_isolation_prunes_allocation_when_fanout_cap_refuses: test
tools::spawn::tests::worktree_isolation_prunes_allocation_when_sync_preflight_refuses: test
tools::spawn::tests::worktree_isolation_refuses_scope_escape_before_creating: test
tools::spawn::tests::worktree_isolation_refuses_symlinked_work_root_before_creating: test
tools::spawn::tests::worktree_isolation_runs_concurrent_writers_on_separate_branches: test

95 tests, 0 benchmarks
